<html>
<body>
<pre>
<h1>礦ision Build Log</h1>
<h2>Project:</h2>
F:\大连奇耘电子\电子纸墨水屏\点阵\4.2寸\GDEW042Z15\DESPI-C01资料\GDEW042Z15程序示例-OTP\Project\mdk.uvproj
Project File Date:  08/10/2017

<h2>Output:</h2>
Build target 'mdk'
compiling main.c...
linking...
Program Size: Code=4738 RO-data=60338 RW-data=24 ZI-data=1632  
FromELF: creating hex file...
".\Debug\obj\mdk.axf" - 0 Error(s), 0 Warning(s).
Load "F:\\大连奇耘电子\\电子纸墨水屏\\点阵\\4.2寸\\GDEW042Z15\\DESPI-C01资料\\GDEW042Z15程序示例-OTP\\Project\\Debug\\obj\\mdk.axf" 
Set JLink Project File to "F:\大连奇耘电子\电子纸墨水屏\点阵\4.2寸\GDEW042Z15\DESPI-C01资料\GDEW042Z15程序示例-OTP\Project\JLinkSettings.ini"
* JLink Info: Device "STM32F103VB" selected (128 KB flash, 20 KB RAM).
 
JLink info:
------------
DLL: V4.76d, compiled Sep 13 2013 16:35:06
Firmware: J-Link V9 compiled Jan 21 2016 18:49:33
Hardware: V9.20
Feature(s) : GDB, RDI, FlashBP, FlashDL, JFlash 
 
* JLink Info: STM32F1xxx: Can not attach to CPU. Trying connect under reset.
**JLink Warning: RESET (pin 15) high, but should be low. Please check target hardware.
***JLink Error: Supply voltage too low (1 Volt is required, Measured: 0.0 Volt).
Please check target power.
Error: Flash Download failed  -  Target DLL has been cancelled
Load "F:\\大连奇耘电子\\电子纸墨水屏\\点阵\\4.2寸\\GDEW042Z15\\DESPI-C01资料\\GDEW042Z15程序示例-OTP\\Project\\Debug\\obj\\mdk.axf" 
Set JLink Project File to "F:\大连奇耘电子\电子纸墨水屏\点阵\4.2寸\GDEW042Z15\DESPI-C01资料\GDEW042Z15程序示例-OTP\Project\JLinkSettings.ini"
* JLink Info: Device "STM32F103VB" selected (128 KB flash, 20 KB RAM).
 
JLink info:
------------
DLL: V4.76d, compiled Sep 13 2013 16:35:06
Firmware: J-Link V9 compiled Jan 21 2016 18:49:33
Hardware: V9.20
Feature(s) : GDB, RDI, FlashBP, FlashDL, JFlash 
 
* JLink Info: TotalIRLen = 9, IRPrint = 0x0011
* JLink Info: TotalIRLen = 9, IRPrint = 0x0011
* JLink Info: Found Cortex-M3 r1p1, Little endian.
* JLink Info: FPUnit: 6 code (BP) slots and 2 literal slots
* JLink Info: TPIU fitted.
ROMTableAddr = 0xE00FF003
* JLink Info: Found Cortex-M3 r1p1, Little endian.
 
Target info:
------------
Device: STM32F103VB
VTarget = 3.279V
State of Pins: 
TCK: 1, TDI: 0, TDO: 0, TMS: 0, TRES: 1, TRST: 1
Hardware-Breakpoints: 0
Software-Breakpoints: 8192
Watchpoints:          0
JTAG speed: 2000 kHz
 
Full Chip Erase Done.
Programming Done.
Verify OK.
</pre>
</body>
</html>
